------------------------------------------------------------
TimeQuest Timing Analyzer Summary
------------------------------------------------------------

Type  : Slow Model Setup 'VGA_top_level:vga_0|VGA_SYNC:videoSync|pixel_clock_int'
Slack : -14.106
TNS   : -151.088

Type  : Slow Model Setup 'clk'
Slack : -3.099
TNS   : -125.046

Type  : Slow Model Setup 'VGA_top_level:vga_0|VGA_SYNC:videoSync|pixel_column[8]'
Slack : -1.969
TNS   : -12.813

Type  : Slow Model Hold 'VGA_top_level:vga_0|VGA_SYNC:videoSync|pixel_column[8]'
Slack : -3.108
TNS   : -24.844

Type  : Slow Model Hold 'clk'
Slack : -2.549
TNS   : -2.549

Type  : Slow Model Hold 'VGA_top_level:vga_0|VGA_SYNC:videoSync|pixel_clock_int'
Slack : 0.391
TNS   : 0.000

Type  : Slow Model Minimum Pulse Width 'clk'
Slack : -1.423
TNS   : -127.604

Type  : Slow Model Minimum Pulse Width 'VGA_top_level:vga_0|VGA_SYNC:videoSync|pixel_clock_int'
Slack : -1.423
TNS   : -53.538

Type  : Slow Model Minimum Pulse Width 'VGA_top_level:vga_0|VGA_SYNC:videoSync|pixel_column[8]'
Slack : 0.493
TNS   : 0.000

Type  : Fast Model Setup 'VGA_top_level:vga_0|VGA_SYNC:videoSync|pixel_clock_int'
Slack : -5.554
TNS   : -47.137

Type  : Fast Model Setup 'clk'
Slack : -0.938
TNS   : -35.974

Type  : Fast Model Setup 'VGA_top_level:vga_0|VGA_SYNC:videoSync|pixel_column[8]'
Slack : -0.664
TNS   : -4.106

Type  : Fast Model Hold 'VGA_top_level:vga_0|VGA_SYNC:videoSync|pixel_column[8]'
Slack : -1.786
TNS   : -13.150

Type  : Fast Model Hold 'clk'
Slack : -1.590
TNS   : -1.590

Type  : Fast Model Hold 'VGA_top_level:vga_0|VGA_SYNC:videoSync|pixel_clock_int'
Slack : -0.174
TNS   : -0.202

Type  : Fast Model Minimum Pulse Width 'clk'
Slack : -1.423
TNS   : -127.604

Type  : Fast Model Minimum Pulse Width 'VGA_top_level:vga_0|VGA_SYNC:videoSync|pixel_clock_int'
Slack : -1.423
TNS   : -53.538

Type  : Fast Model Minimum Pulse Width 'VGA_top_level:vga_0|VGA_SYNC:videoSync|pixel_column[8]'
Slack : 0.497
TNS   : 0.000

------------------------------------------------------------
