------------------------------------------------------------
TimeQuest Timing Analyzer Summary
------------------------------------------------------------

Type  : Slow Model Setup 'VGA_top_level:vga_0|VGA_SYNC:videoSync|pixel_clock_int'
Slack : -14.173
TNS   : -132.935

Type  : Slow Model Setup 'VGA_top_level:vga_0|VGA_SYNC:videoSync|pixel_column[8]'
Slack : -3.470
TNS   : -25.448

Type  : Slow Model Setup 'clk'
Slack : -2.972
TNS   : -117.782

Type  : Slow Model Hold 'VGA_top_level:vga_0|VGA_SYNC:videoSync|pixel_column[8]'
Slack : -3.252
TNS   : -25.791

Type  : Slow Model Hold 'clk'
Slack : -2.549
TNS   : -2.549

Type  : Slow Model Hold 'VGA_top_level:vga_0|VGA_SYNC:videoSync|pixel_clock_int'
Slack : 0.391
TNS   : 0.000

Type  : Slow Model Minimum Pulse Width 'clk'
Slack : -1.423
TNS   : -127.604

Type  : Slow Model Minimum Pulse Width 'VGA_top_level:vga_0|VGA_SYNC:videoSync|pixel_clock_int'
Slack : -1.423
TNS   : -53.538

Type  : Slow Model Minimum Pulse Width 'VGA_top_level:vga_0|VGA_SYNC:videoSync|pixel_column[8]'
Slack : -0.475
TNS   : -29.450

Type  : Fast Model Setup 'VGA_top_level:vga_0|VGA_SYNC:videoSync|pixel_clock_int'
Slack : -5.622
TNS   : -38.635

Type  : Fast Model Setup 'VGA_top_level:vga_0|VGA_SYNC:videoSync|pixel_column[8]'
Slack : -1.341
TNS   : -9.066

Type  : Fast Model Setup 'clk'
Slack : -0.877
TNS   : -32.482

Type  : Fast Model Hold 'VGA_top_level:vga_0|VGA_SYNC:videoSync|pixel_column[8]'
Slack : -1.785
TNS   : -12.845

Type  : Fast Model Hold 'clk'
Slack : -1.590
TNS   : -1.590

Type  : Fast Model Hold 'VGA_top_level:vga_0|VGA_SYNC:videoSync|pixel_clock_int'
Slack : -0.039
TNS   : -0.053

Type  : Fast Model Minimum Pulse Width 'clk'
Slack : -1.423
TNS   : -127.604

Type  : Fast Model Minimum Pulse Width 'VGA_top_level:vga_0|VGA_SYNC:videoSync|pixel_clock_int'
Slack : -1.423
TNS   : -53.538

Type  : Fast Model Minimum Pulse Width 'VGA_top_level:vga_0|VGA_SYNC:videoSync|pixel_column[8]'
Slack : 0.060
TNS   : 0.000

------------------------------------------------------------
